// Jest Snapshot v1, https://goo.gl/fbAQLP

exports[`Snapshot test of Box 1`] = `
<DocumentFragment>
  <div>
    <div />
    <button>
      x
    </button>
  </div>
</DocumentFragment>
`;

exports[`Snapshot test of BoxList 1`] = `
<DocumentFragment>
  <div>
    <div>
      <h1>
        Create a new box!
      </h1>
      <form>
        <label
          for="backgroundColor"
        >
          background color:
        </label>
        <input
          id="backgroundColor"
          name="backgroundColor"
          type="text"
          value=""
        />
        <label
          for="width"
        >
           width:
        </label>
        <input
          id="width"
          name="width"
          type="text"
          value=""
        />
        <label
          for="height"
        >
          height:
        </label>
        <input
          id="height"
          name="height"
          type="text"
          value=""
        />
        <button>
          submit
        </button>
      </form>
    </div>
    <ul
      class="BoxList"
    />
  </div>
</DocumentFragment>
`;
